/home/runner/work/Lwlwxldodiwjnwmwllxllxmxmxks/Lwlwxldodiwjnwmwllxllxmxmxks/handoff/GitHub-RU-v2/app/src/main/java/androidx/window/extensions/core/util/function/Consumer.java:7: error: <identifier> expected
public interface Consumer<> {
                          ^
/home/runner/work/Lwlwxldodiwjnwmwllxllxmxmxks/Lwlwxldodiwjnwmwllxllxmxmxks/handoff/GitHub-RU-v2/app/src/main/java/androidx/window/extensions/core/util/function/Function.java:7: error: <identifier> expected
public interface Function<> {
                          ^
/home/runner/work/Lwlwxldodiwjnwmwllxllxmxmxks/Lwlwxldodiwjnwmwllxllxmxmxks/handoff/GitHub-RU-v2/app/src/main/java/androidx/window/extensions/core/util/function/Predicate.java:7: error: <identifier> expected
public interface Predicate<> {
                           ^
/home/runner/work/Lwlwxldodiwjnwmwllxllxmxmxks/Lwlwxldodiwjnwmwllxllxmxmxks/handoff/GitHub-RU-v2/app/src/main/java/com/github/rudroid/activities/d3.java:7: error: <identifier> expected
public class d3<> {
                ^
/home/runner/work/Lwlwxldodiwjnwmwllxllxmxmxks/Lwlwxldodiwjnwmwllxllxmxmxks/handoff/GitHub-RU-v2/app/src/main/java/com/github/rudroid/activities/z1.java:7: error: <identifier> expected
public interface z1<> {
                    ^
/home/runner/work/Lwlwxldodiwjnwmwllxllxmxmxks/Lwlwxldodiwjnwmwllxllxmxmxks/handoff/GitHub-RU-v2/app/src/main/java/com/github/rudroid/fragments/BindingFragment.java:7: error: <identifier> expected
public class BindingFragment<> {
                             ^
/home/runner/work/Lwlwxldodiwjnwmwllxllxmxmxks/Lwlwxldodiwjnwmwllxllxmxmxks/handoff/GitHub-RU-v2/app/src/main/java/com/google/android/gms/internal/measurement/m5.java:7: error: <identifier> expected
public interface m5<> extends List, RandomAccess {
                    ^
/home/runner/work/Lwlwxldodiwjnwmwllxllxmxmxks/Lwlwxldodiwjnwmwllxllxmxmxks/handoff/GitHub-RU-v2/app/src/main/java/t/t.java:7: error: <identifier> expected
public interface t<> {
                   ^
8 errors
